[MISMATCH] https://www.anytimemailbox.com/s/arcadia-411-e-huntington-drive - csv: [411 E Huntington Dr] parsed: [411 E Huntington Dr Ste 107 #MAILBOX]
[MISMATCH] https://www.anytimemailbox.com/s/new-york-rockefeller-center-45-rockefeller-plaza - csv: [45 Rockefeller Plaza] parsed: [45 Rockefeller Plaza 20th Fl # MAILBOX]
[MISMATCH] https://www.anytimemailbox.com/s/irvine-92-corporate-park - csv: [92 Corporate Park] parsed: [92 Corporate Park Ste C #MAILBOX]
[MISMATCH] https://www.anytimemailbox.com/s/port-charlotte-4410-warren-avenue - csv: [4410 Warren Ave] parsed: [4410 Warren Ave Unit 316 #MAILBOX]
[MISMATCH] https://www.anytimemailbox.com/s/baton-rouge-440-3rd-street - csv: [440 3rd St] parsed: [440 3rd St Ste 201A #MAILBOX]
[MISMATCH] https://www.anytimemailbox.com/s/bozeman-40-spanish-peak-drive - csv: [40 Spanish Peak Dr] parsed: [40 Spanish Peak Dr Unit 101 #MAILBOX]
[MISMATCH] https://www.anytimemailbox.com/s/sunrise-4300-n-university-drive - csv: [4300 N University Dr] parsed: [4300 N University Dr Ste F-100 #MAILBOX]
[MISMATCH] https://www.anytimemailbox.com/s/dallas-13155-noel-road - csv: [13155 Noel Road] parsed: [13155 Noel Road # 900]
[MISMATCH] https://www.anytimemailbox.com/s/fort-worth-9500-ray-white-rd - csv: [9500 Ray White Rd] parsed: [9500 Ray White Rd Ste 200 #MAILBOX]
[MISMATCH] https://www.anytimemailbox.com/s/austin-6001-w-parmer-lane - csv: [6001 W Parmer Lane] parsed: [6001 W Parmer Lane Ste 370 #MAILBOX]
[MISMATCH] https://www.anytimemailbox.com/s/asheville-125-s-lexington-avenue - csv: [125 S Lexington Ave] parsed: [125 S Lexington Ave Suite 101A, PMB MAILBOX]
[MISMATCH] https://www.anytimemailbox.com/s/port-charlotte-2200-kings-highway - csv: [2200 Kings Highway] parsed: [2200 Kings Highway 3L PMB MAILBOX]
[OK] https://www.anytimemailbox.com/s/long-island-city-3164-21st-street matches (3164 21st St #MAILBOX)
[MISMATCH] https://www.anytimemailbox.com/s/bronx-1836-westchester-avenue - csv: [​1836 Westchester Ave] parsed: [​1836 Westchester Ave Unit #MAILBOX]
[MISMATCH] https://www.anytimemailbox.com/s/dallas-701-commerce-street - csv: [701 Commerce St] parsed: [701 Commerce St Ste 500 #MAILBOX]
[MISMATCH] https://www.anytimemailbox.com/s/knoxville-9111-cross-park-drive - csv: [9111 Cross Park Dr] parsed: [9111 Cross Park Dr D200-MAILBOX]
[MISMATCH] https://www.anytimemailbox.com/s/fort-mill-3160-hwy-21 - csv: [3160 Hwy 21] parsed: [3160 Hwy 21 Suite 103 #MAILBOX]
[MISMATCH] https://www.anytimemailbox.com/s/denver-2000-s-colorado-blvd - csv: [2000 S. Colorado Blvd.] parsed: [2000 S. Colorado Blvd. BLDG 1 - 2000 - #MAILBOX]
[MISMATCH] https://www.anytimemailbox.com/s/robbinsville-2360-route-33 - csv: [2360 Route 33] parsed: [2360 Route 33 Ste 112 Unit #MAILBOX]
[MISMATCH] https://www.anytimemailbox.com/s/league-city-6011-w-main-street - csv: [6011 W Main St] parsed: [6011 W Main St Ste A103 #MAILBOX]
[OK] https://www.anytimemailbox.com/s/astoria-2810-23rd-avenue matches (2810 23rd Ave Unit #MAILBOX)
[OK] https://www.anytimemailbox.com/s/birmingham-120-19th-street-north matches (120 19th Street North Suite MAILBOX)
[MISMATCH] https://www.anytimemailbox.com/s/marstons-mills-3821-falmouth-road - csv: [3821 Falmouth Rd] parsed: [3821 Falmouth Rd Ste 2A #MAILBOX]
[MISMATCH] https://www.anytimemailbox.com/s/north-brunswick-643-georges-rd - csv: [643 Georges Rd] parsed: [643 Georges Rd Unit #MAILBOX]
[MISMATCH] https://www.anytimemailbox.com/s/platte-city-1302-platte-falls-road - csv: [1302 Platte Falls Rd] parsed: [1302 Platte Falls Rd Ste D #MAILBOX]
[MISMATCH] https://www.anytimemailbox.com/s/bozeman-1800-s-22nd-avenue - csv: [1800 S 22nd Ave] parsed: [1800 S 22nd Ave Ste 120 #MAILBOX]
[MISMATCH] https://www.anytimemailbox.com/s/baltimore-1400-w-lombard-street - csv: [1400 W. Lombard Street] parsed: [1400 W. Lombard Street Unit #MAILBOX]
[MISMATCH] https://www.anytimemailbox.com/s/bronx-1490-crotona-park-e - csv: [1490 Crotona Park E] parsed: [1490 Crotona Park E Storefront 2 #MAILBOX]
[MISMATCH] https://www.anytimemailbox.com/s/laconia-51-elm-street - csv: [51 Elm St] parsed: [51 Elm St Ste 107 #MAILBOX]
[MISMATCH] https://www.anytimemailbox.com/s/clayton-63-sarazen-drive - csv: [63 Sarazen Dr] parsed: [63 Sarazen Dr Unit 101- ATMB MAILBOX]
[MISMATCH] https://www.anytimemailbox.com/s/leland-1108-new-pointe-blvd - csv: [1108 New Pointe Blvd] parsed: [1108 New Pointe Blvd Ste 130 #MAILBOX]
[MISMATCH] https://www.anytimemailbox.com/s/irvine-17595-harvard-avenue - csv: [17595 Harvard Ave] parsed: [17595 Harvard Ave Ste C-MAILBOX]
[MISMATCH] https://www.anytimemailbox.com/s/grapevine-1785-state-hwy-26 - csv: [1785 State Hwy 26] parsed: [1785 State Hwy 26 Ste 200]
[MISMATCH] https://www.anytimemailbox.com/s/conroe-10160-highway-242 - csv: [10160 Hwy 242] parsed: [10160 Hwy 242 Ste 800-MAILBOX]
[MISMATCH] https://www.anytimemailbox.com/s/matawan-100-matawan-road - csv: [100 Matawan Rd] parsed: [100 Matawan Rd Ste 325 #MAILBOX]
[MISMATCH] https://www.anytimemailbox.com/s/dallas-3839-mckinney-avenue - csv: [3839 McKinney Avenue] parsed: [3839 McKinney Avenue Suite 155-MAILBOX]
[MISMATCH] https://www.anytimemailbox.com/s/plano-3000-custer-road - csv: [3000 Custer Road] parsed: [3000 Custer Road Suite 270 # MAILBOX]
[MISMATCH] https://www.anytimemailbox.com/s/new-york-2196-third-avenue - csv: [2196 Third Ave] parsed: [2196 Third Ave Suite #MAILBOX]
[MISMATCH] https://www.anytimemailbox.com/s/lake-worth-8927-hypoluxo-road - csv: [8927 Hypoluxo Rd] parsed: [8927 Hypoluxo Rd Ste A4 #MAILBOX]
[MISMATCH] https://www.anytimemailbox.com/s/brooklyn-223-bedford-avenue - csv: [223 Bedford Ave] parsed: [223 Bedford Ave STE A PMB #MAILBOX]
[OK] https://www.anytimemailbox.com/s/westmont-36-north-cass-ave matches (36 North Cass Ave Unit #MAILBOX)
[OK] https://www.anytimemailbox.com/s/washington-6218-georgia-avenue-nw matches (6218 Georgia Ave N.W. Unit #MAILBOX)
[MISMATCH] https://www.anytimemailbox.com/s/east-windsor-859-us-130 - csv: [859 US-130] parsed: [859 US-130 Unit #MAILBOX]
[OK] https://www.anytimemailbox.com/s/chicago-3838-n-ravenswood-ave matches (3838 N Ravenswood Ave Suite 100 #MAILBOX)
[MISMATCH] https://www.anytimemailbox.com/s/fontana-14050-cherry-avenue - csv: [14050 Cherry Ave] parsed: [14050 Cherry Ave Suite R #MAILBOX]
[MISMATCH] https://www.anytimemailbox.com/s/dallas-5301-alpha-road - csv: [5301 Alpha Rd] parsed: [5301 Alpha Rd Suite 80 #MAILBOX]
[MISMATCH] https://www.anytimemailbox.com/s/riverside-19510-van-buren-blvd - csv: [19510 Van Buren Blvd] parsed: [19510 Van Buren Blvd #F3-MAILBOX]
[MISMATCH] https://www.anytimemailbox.com/s/flower-mound-2450-lakeside-pkwy - csv: [2450 Lakeside Pkwy] parsed: [2450 Lakeside Pkwy Ste 150 #MAILBOX]
[OK] https://www.anytimemailbox.com/s/temecula-30650-rancho-california-road matches (30650 Rancho California Rd Suite D406 #MAILBOX)
[MISMATCH] https://www.anytimemailbox.com/s/san-diego-2907-shelter-island-drive - csv: [2907 Shelter Island Drive] parsed: [2907 Shelter Island Drive Suite 105 #MAILBOX]
[MISMATCH] https://www.anytimemailbox.com/s/houston-10780-westview-drive - csv: [10780 Westview Dr,] parsed: [10780 Westview Dr, Ste F #MAILBOX]
[MISMATCH] https://www.anytimemailbox.com/s/baltimore-10-n-calvert-street - csv: [10 N Calvert St] parsed: [10 N Calvert St Ste G101 #MAILBOX]
[MISMATCH] https://www.anytimemailbox.com/s/worcester-100-front-street - csv: [100 Front St] parsed: [100 Front St Ste 400 #MAILBOX]
[MISMATCH] https://www.anytimemailbox.com/s/elizabeth-1077-north-avenue - csv: [1077 North Ave] parsed: [1077 North Ave Unit #MAILBOX]
[MISMATCH] https://www.anytimemailbox.com/s/new-york-42-broadway - csv: [42 Broadway] parsed: [42 Broadway Suite 12-MAILBOX]
[MISMATCH] https://www.anytimemailbox.com/s/astoria-2509-astoria-boulevard - csv: [2509 Astoria Blvd] parsed: [2509 Astoria Blvd Ste 1 #MAILBOX]
[MISMATCH] https://www.anytimemailbox.com/s/gluckstadt-272-calhoun-station-parkway - csv: [272 Calhoun Station Pkwy] parsed: [272 Calhoun Station Pkwy Ste C #MAILBOX]
[MISMATCH] https://www.anytimemailbox.com/s/dallas-1910-pacific-avenue - csv: [1910 Pacific Ave] parsed: [1910 Pacific Ave Ste 16800 #MAILBOX]
[MISMATCH] 